// Jest Snapshot v1, https://goo.gl/fbAQLP

exports[`YourComponent renders correctly 1`] = `<div />`;
